// Jest Snapshot v1, https://goo.gl/fbAQLP

exports[`Table Header Should match snapshot 1`] = `
<body>
  <div>
    <div
      class="fh15yft fr2n4tx"
      data-testid="table-header"
      role="row"
    >
      <div
        class="cell platform-header fcno249"
        role="columnheader"
      >
        <svg
          aria-hidden="true"
          class="MuiSvgIcon-root MuiSvgIcon-fontSizeMedium css-fuz6rv-MuiSvgIcon-root"
          data-testid="SortIcon"
          focusable="false"
          viewBox="0 0 24 24"
        >
          <path
            d="M3 18h6v-2H3v2zM3 6v2h18V6H3zm0 7h12v-2H3v2z"
          />
        </svg>
        <div
          role="cell"
        >
          Platform
        </div>
        <svg
          aria-hidden="true"
          class="MuiSvgIcon-root MuiSvgIcon-fontSizeMedium css-fuz6rv-MuiSvgIcon-root"
          data-testid="ExpandMoreIcon"
          focusable="false"
          viewBox="0 0 24 24"
        >
          <path
            d="M16.59 8.59 12 13.17 7.41 8.59 6 10l6 6 6-6z"
          />
        </svg>
      </div>
      <div
        class="cell base-header "
        role="columnheader"
      >
        <div
          role="cell"
        >
          Base
        </div>
      </div>
      <div
        class="cell comparisonSign-header "
        role="columnheader"
      >
        <div
          role="cell"
        />
      </div>
      <div
        class="cell new-header "
        role="columnheader"
      >
        <div
          role="cell"
        >
          New
        </div>
      </div>
      <div
        class="cell status-header fcno249"
        role="columnheader"
      >
        <svg
          aria-hidden="true"
          class="MuiSvgIcon-root MuiSvgIcon-fontSizeMedium css-fuz6rv-MuiSvgIcon-root"
          data-testid="SortIcon"
          focusable="false"
          viewBox="0 0 24 24"
        >
          <path
            d="M3 18h6v-2H3v2zM3 6v2h18V6H3zm0 7h12v-2H3v2z"
          />
        </svg>
        <div
          role="cell"
        >
          Status
        </div>
        <svg
          aria-hidden="true"
          class="MuiSvgIcon-root MuiSvgIcon-fontSizeMedium css-fuz6rv-MuiSvgIcon-root"
          data-testid="ExpandMoreIcon"
          focusable="false"
          viewBox="0 0 24 24"
        >
          <path
            d="M16.59 8.59 12 13.17 7.41 8.59 6 10l6 6 6-6z"
          />
        </svg>
      </div>
      <div
        class="cell delta-header "
        role="columnheader"
      >
        <div
          role="cell"
        >
          Delta(%)
        </div>
      </div>
      <div
        class="cell confidence-header fcno249"
        role="columnheader"
      >
        <svg
          aria-hidden="true"
          class="MuiSvgIcon-root MuiSvgIcon-fontSizeMedium css-fuz6rv-MuiSvgIcon-root"
          data-testid="SortIcon"
          focusable="false"
          viewBox="0 0 24 24"
        >
          <path
            d="M3 18h6v-2H3v2zM3 6v2h18V6H3zm0 7h12v-2H3v2z"
          />
        </svg>
        <div
          role="cell"
        >
          Confidence
        </div>
        <svg
          aria-hidden="true"
          class="MuiSvgIcon-root MuiSvgIcon-fontSizeMedium css-fuz6rv-MuiSvgIcon-root"
          data-testid="ExpandMoreIcon"
          focusable="false"
          viewBox="0 0 24 24"
        >
          <path
            d="M16.59 8.59 12 13.17 7.41 8.59 6 10l6 6 6-6z"
          />
        </svg>
      </div>
      <div
        class="cell runs-header "
        role="columnheader"
      >
        <div
          role="cell"
        >
          Total Runs
        </div>
      </div>
      <div
        class="cell buttons-header "
        role="columnheader"
      >
        <div
          role="cell"
        />
      </div>
      <div
        class="cell expand-header "
        role="columnheader"
      >
        <div
          role="cell"
        />
      </div>
    </div>
  </div>
</body>
`;
