// Jest Snapshot v1, https://goo.gl/fbAQLP

exports[`SelectedRevision should show the selected checked revisions once a result checkbox is clicked, and remove it when X button is clicked 1`] = `
<li
  class="MuiListItem-root MuiListItem-gutters MuiListItem-padding item-container item-0 item-base css-vtiz8x-MuiListItem-root"
  data-testid="selected-rev-item"
>
  <input
    name="baseRev"
    type="hidden"
    value="coconut"
  />
  <input
    name="baseRepo"
    type="hidden"
    value="try"
  />
  <div
    class="repo_f1bx8by5"
  >
    <div>
      try
    </div>
  </div>
  <div
    class="MuiButtonBase-root MuiListItemButton-root MuiListItemButton-gutters MuiListItemButton-root MuiListItemButton-gutters listItemButton_f5s7lzh css-1g1bko9-MuiButtonBase-root-MuiListItemButton-root"
    role="button"
    tabindex="0"
  >
    <div
      class="MuiListItemText-root MuiListItemText-multiline search-revision-item-text css-konndc-MuiListItemText-root"
    >
      <span
        class="MuiTypography-root MuiTypography-body1 MuiTypography-noWrap MuiListItemText-primary css-hrbm3k-MuiTypography-root"
      >
        <span
          class="MuiTypography-root MuiTypography-body2 revision-hash css-1lnwygr-MuiTypography-root"
        >
          <a
            class="MuiTypography-root MuiTypography-inherit MuiLink-root MuiLink-underlineAlways css-1qhous5-MuiTypography-root-MuiLink-root"
            href="https://treeherder.mozilla.org/jobs?repo=try&revision=coconut"
            target="_blank"
            title="open treeherder view for coconut"
          >
            coconut
          </a>
        </span>
        <div
          class="info-caption"
        >
          <div
            class="info-caption-item item-author"
          >
             
            <svg
              aria-hidden="true"
              class="MuiSvgIcon-root MuiSvgIcon-fontSizeSmall mail-icon css-1mecf1h-MuiSvgIcon-root"
              data-testid="MailOutlineOutlinedIcon"
              focusable="false"
              viewBox="0 0 24 24"
            >
              <path
                d="M20 4H4c-1.1 0-1.99.9-1.99 2L2 18c0 1.1.9 2 2 2h16c1.1 0 2-.9 2-2V6c0-1.1-.9-2-2-2zm0 14H4V8l8 5 8-5v10zm-8-7L4 6h16l-8 5z"
              />
            </svg>
             
            johncleese@python.com
          </div>
          <div
            class="info-caption-item item-time"
          >
            <svg
              aria-hidden="true"
              class="MuiSvgIcon-root MuiSvgIcon-fontSizeSmall time-icon css-1mecf1h-MuiSvgIcon-root"
              data-testid="AccessTimeOutlinedIcon"
              focusable="false"
              viewBox="0 0 24 24"
            >
              <path
                d="M11.99 2C6.47 2 2 6.48 2 12s4.47 10 9.99 10C17.52 22 22 17.52 22 12S17.52 2 11.99 2zM12 20c-4.42 0-8-3.58-8-8s3.58-8 8-8 8 3.58 8 8-3.58 8-8 8zm.5-13H11v6l5.25 3.15.75-1.23-4.5-2.67z"
              />
            </svg>
            03/29/51 00:00
          </div>
        </div>
      </span>
      <p
        class="MuiTypography-root MuiTypography-body2 MuiTypography-noWrap MuiListItemText-secondary css-163o6oo-MuiTypography-root"
      >
        you've got no arms left! 
      </p>
    </div>
    <button
      class="MuiButtonBase-root MuiButton-root MuiButton-text MuiButton-textPrimary MuiButton-sizeMedium MuiButton-textSizeMedium MuiButton-root MuiButton-text MuiButton-textPrimary MuiButton-sizeMedium MuiButton-textSizeMedium icon-close-show revision-action close-button css-13h131f-MuiButtonBase-root-MuiButton-root"
      name="close-button"
      tabindex="0"
      title="remove revision"
      type="button"
    >
      <svg
        aria-hidden="true"
        class="MuiSvgIcon-root MuiSvgIcon-fontSizeSmall css-1mecf1h-MuiSvgIcon-root"
        data-testid="close-icon"
        focusable="false"
        viewBox="0 0 24 24"
      >
        <path
          d="M19 6.41 17.59 5 12 10.59 6.41 5 5 6.41 10.59 12 5 17.59 6.41 19 12 13.41 17.59 19 19 17.59 13.41 12 19 6.41z"
        />
      </svg>
      <span
        class="MuiTouchRipple-root css-8je8zh-MuiTouchRipple-root"
      />
    </button>
    <span
      class="MuiTouchRipple-root css-8je8zh-MuiTouchRipple-root"
    />
  </div>
</li>
`;
