// Jest Snapshot v1, https://goo.gl/fbAQLP

exports[`Inputs replacement Should match snapshot 1`] = `
<body>
  <div>
    <div
      class="MuiContainer-root MuiContainer-maxWidthLg css-1kcf06b-MuiContainer-root"
      data-testid="inputs-replacement"
    >
      <div
        class="MuiBox-root css-1yt1khz"
      >
        Replacement for "Compare with a base" / "Compare over time" components.
      </div>
    </div>
  </div>
</body>
`;
