// Jest Snapshot v1, https://goo.gl/fbAQLP

exports[`Results Table Should match snapshot 1`] = `
<body>
  <div />
  <div>
    <div
      class="MuiPaper-root MuiPaper-elevation MuiPaper-rounded MuiPaper-elevation1 MuiTableContainer-root f1cqtmh css-1inhs6f-MuiPaper-root-MuiTableContainer-root"
      data-testid="results-table"
    >
      <table
        class="MuiTable-root css-yso468-MuiTable-root"
      >
        <thead
          class="MuiTableHead-root css-15wwp11-MuiTableHead-root"
          data-testid="table-header"
        >
          <tr
            class="MuiTableRow-root MuiTableRow-head f1ctvkx8 css-1yt2i5z-MuiTableRow-root"
          >
            <th
              class="MuiTableCell-root MuiTableCell-head MuiTableCell-sizeMedium platform-header css-hwty3m-MuiTableCell-root"
              scope="col"
            >
              <div
                class="fzi2oph"
              >
                <svg
                  aria-hidden="true"
                  class="MuiSvgIcon-root MuiSvgIcon-fontSizeMedium css-fuz6rv-MuiSvgIcon-root"
                  data-testid="SortIcon"
                  focusable="false"
                  viewBox="0 0 24 24"
                >
                  <path
                    d="M3 18h6v-2H3v2zM3 6v2h18V6H3zm0 7h12v-2H3v2z"
                  />
                </svg>
                <span>
                  Platform
                </span>
                <svg
                  aria-hidden="true"
                  class="MuiSvgIcon-root MuiSvgIcon-fontSizeMedium css-fuz6rv-MuiSvgIcon-root"
                  data-testid="ExpandMoreIcon"
                  focusable="false"
                  viewBox="0 0 24 24"
                >
                  <path
                    d="M16.59 8.59 12 13.17 7.41 8.59 6 10l6 6 6-6z"
                  />
                </svg>
              </div>
            </th>
            <th
              class="MuiTableCell-root MuiTableCell-head MuiTableCell-sizeMedium base-header css-hwty3m-MuiTableCell-root"
              scope="col"
            >
              <div
                class=""
              >
                <span>
                  Base
                </span>
              </div>
            </th>
            <th
              class="MuiTableCell-root MuiTableCell-head MuiTableCell-sizeMedium comparisonSign-header css-hwty3m-MuiTableCell-root"
              scope="col"
            >
              <div
                class=""
              >
                <span />
              </div>
            </th>
            <th
              class="MuiTableCell-root MuiTableCell-head MuiTableCell-sizeMedium new-header css-hwty3m-MuiTableCell-root"
              scope="col"
            >
              <div
                class=""
              >
                <span>
                  New
                </span>
              </div>
            </th>
            <th
              class="MuiTableCell-root MuiTableCell-head MuiTableCell-sizeMedium status-header css-hwty3m-MuiTableCell-root"
              scope="col"
            >
              <div
                class="fzi2oph"
              >
                <svg
                  aria-hidden="true"
                  class="MuiSvgIcon-root MuiSvgIcon-fontSizeMedium css-fuz6rv-MuiSvgIcon-root"
                  data-testid="SortIcon"
                  focusable="false"
                  viewBox="0 0 24 24"
                >
                  <path
                    d="M3 18h6v-2H3v2zM3 6v2h18V6H3zm0 7h12v-2H3v2z"
                  />
                </svg>
                <span>
                  Status
                </span>
                <svg
                  aria-hidden="true"
                  class="MuiSvgIcon-root MuiSvgIcon-fontSizeMedium css-fuz6rv-MuiSvgIcon-root"
                  data-testid="ExpandMoreIcon"
                  focusable="false"
                  viewBox="0 0 24 24"
                >
                  <path
                    d="M16.59 8.59 12 13.17 7.41 8.59 6 10l6 6 6-6z"
                  />
                </svg>
              </div>
            </th>
            <th
              class="MuiTableCell-root MuiTableCell-head MuiTableCell-sizeMedium delta-header css-hwty3m-MuiTableCell-root"
              scope="col"
            >
              <div
                class=""
              >
                <span>
                  Delta(%)
                </span>
              </div>
            </th>
            <th
              class="MuiTableCell-root MuiTableCell-head MuiTableCell-sizeMedium confidence-header css-hwty3m-MuiTableCell-root"
              scope="col"
            >
              <div
                class="fzi2oph"
              >
                <svg
                  aria-hidden="true"
                  class="MuiSvgIcon-root MuiSvgIcon-fontSizeMedium css-fuz6rv-MuiSvgIcon-root"
                  data-testid="SortIcon"
                  focusable="false"
                  viewBox="0 0 24 24"
                >
                  <path
                    d="M3 18h6v-2H3v2zM3 6v2h18V6H3zm0 7h12v-2H3v2z"
                  />
                </svg>
                <span>
                  Confidence
                </span>
                <svg
                  aria-hidden="true"
                  class="MuiSvgIcon-root MuiSvgIcon-fontSizeMedium css-fuz6rv-MuiSvgIcon-root"
                  data-testid="ExpandMoreIcon"
                  focusable="false"
                  viewBox="0 0 24 24"
                >
                  <path
                    d="M16.59 8.59 12 13.17 7.41 8.59 6 10l6 6 6-6z"
                  />
                </svg>
              </div>
            </th>
            <th
              class="MuiTableCell-root MuiTableCell-head MuiTableCell-sizeMedium runs-header css-hwty3m-MuiTableCell-root"
              scope="col"
            >
              <div
                class=""
              >
                <span>
                  Total Runs
                </span>
              </div>
            </th>
            <th
              class="MuiTableCell-root MuiTableCell-head MuiTableCell-sizeMedium empty-header css-hwty3m-MuiTableCell-root"
              colspan="4"
              scope="col"
            >
              <div
                class=""
              >
                <span />
              </div>
            </th>
          </tr>
        </thead>
        <tbody
          class="MuiTableBody-root f5w6em2 css-apqrd9-MuiTableBody-root"
        >
          <tr
            class="MuiTableRow-root revision-header css-1yt2i5z-MuiTableRow-root"
          >
            <td
              class="MuiTableCell-root MuiTableCell-body MuiTableCell-sizeMedium css-15mfgc5-MuiTableCell-root"
              colspan="8"
            >
              <strong>
                Metric 1
              </strong>
               
              <a
                class="MuiTypography-root MuiTypography-inherit MuiLink-root MuiLink-underlineAlways css-1qhous5-MuiTypography-root-MuiLink-root"
                href="#"
              >
                0f9ef9ff3ea
              </a>
            </td>
            <td
              class="MuiTableCell-root MuiTableCell-body MuiTableCell-sizeMedium css-15mfgc5-MuiTableCell-root"
              colspan="4"
            >
              <div
                class="f1oxa67k"
              >
                <span
                  class="f1rpr1m5"
                >
                  e10s
                </span>
                <span
                  class="f1rpr1m5"
                >
                  stylo
                </span>
                <span
                  class="f1rpr1m5"
                >
                  fission
                </span>
              </div>
            </td>
          </tr>
          <tr
            class="MuiTableRow-root revisionRow f131cxob css-1yt2i5z-MuiTableRow-root"
          >
            <td
              class="MuiTableCell-root MuiTableCell-body MuiTableCell-sizeMedium platform css-15mfgc5-MuiTableCell-root"
            >
              <div
                class="platform-container"
              >
                <svg
                  aria-hidden="true"
                  class="MuiSvgIcon-root MuiSvgIcon-fontSizeMedium css-fuz6rv-MuiSvgIcon-root"
                  data-testid="AppleIcon"
                  focusable="false"
                  viewBox="0 0 24 24"
                >
                  <path
                    d="M18.71 19.5c-.83 1.24-1.71 2.45-3.05 2.47-1.34.03-1.77-.79-3.29-.79-1.53 0-2 .77-3.27.82-1.31.05-2.3-1.32-3.14-2.53C4.25 17 2.94 12.45 4.7 9.39c.87-1.52 2.43-2.48 4.12-2.51 1.28-.02 2.5.87 3.29.87.78 0 2.26-1.07 3.81-.91.65.03 2.47.26 3.64 1.98-.09.06-2.17 1.28-2.15 3.81.03 3.02 2.65 4.03 2.68 4.04-.03.07-.42 1.44-1.38 2.83M13 3.5c.73-.83 1.94-1.46 2.94-1.5.13 1.17-.34 2.35-1.04 3.19-.69.85-1.83 1.51-2.95 1.42-.15-1.15.41-2.35 1.05-3.11z"
                  />
                </svg>
                <span>
                  Apple
                </span>
              </div>
            </td>
            <td
              class="MuiTableCell-root MuiTableCell-body MuiTableCell-sizeMedium base-value css-15mfgc5-MuiTableCell-root"
            >
              <div
                class="base-container"
              >
                771.39ms
              </div>
            </td>
            <td
              class="MuiTableCell-root MuiTableCell-body MuiTableCell-sizeMedium comparison-sign css-15mfgc5-MuiTableCell-root"
            >
              &gt;
            </td>
            <td
              class="MuiTableCell-root MuiTableCell-body MuiTableCell-sizeMedium new-value css-15mfgc5-MuiTableCell-root"
            >
              771.39ms
            </td>
            <td
              class="MuiTableCell-root MuiTableCell-body MuiTableCell-sizeMedium status css-15mfgc5-MuiTableCell-root"
            >
              Improvement
            </td>
            <td
              class="MuiTableCell-root MuiTableCell-body MuiTableCell-sizeMedium delta css-15mfgc5-MuiTableCell-root"
            >
              2.5%
            </td>
            <td
              class="MuiTableCell-root MuiTableCell-body MuiTableCell-sizeMedium confidence css-15mfgc5-MuiTableCell-root"
            >
              High
            </td>
            <td
              class="MuiTableCell-root MuiTableCell-body MuiTableCell-sizeMedium total-runs css-15mfgc5-MuiTableCell-root"
            >
              <span>
                B:
              </span>
              <strong>
                23
              </strong>
               
              <span>
                N:
              </span>
              <strong>
                27
              </strong>
            </td>
            <td
              class="MuiTableCell-root MuiTableCell-body MuiTableCell-sizeMedium cell-button graph css-15mfgc5-MuiTableCell-root"
            >
              <div
                class="graph-link-button-container"
              >
                <button
                  aria-label="graph link"
                  class="MuiButtonBase-root MuiIconButton-root MuiIconButton-sizeSmall css-181l1t7-MuiButtonBase-root-MuiIconButton-root"
                  tabindex="0"
                  type="button"
                >
                  <svg
                    aria-hidden="true"
                    class="MuiSvgIcon-root MuiSvgIcon-fontSizeMedium css-fuz6rv-MuiSvgIcon-root"
                    data-testid="TimelineIcon"
                    focusable="false"
                    viewBox="0 0 24 24"
                  >
                    <path
                      d="M23 8c0 1.1-.9 2-2 2-.18 0-.35-.02-.51-.07l-3.56 3.55c.05.16.07.34.07.52 0 1.1-.9 2-2 2s-2-.9-2-2c0-.18.02-.36.07-.52l-2.55-2.55c-.16.05-.34.07-.52.07s-.36-.02-.52-.07l-4.55 4.56c.05.16.07.33.07.51 0 1.1-.9 2-2 2s-2-.9-2-2 .9-2 2-2c.18 0 .35.02.51.07l4.56-4.55C8.02 9.36 8 9.18 8 9c0-1.1.9-2 2-2s2 .9 2 2c0 .18-.02.36-.07.52l2.55 2.55c.16-.05.34-.07.52-.07s.36.02.52.07l3.55-3.56C19.02 8.35 19 8.18 19 8c0-1.1.9-2 2-2s2 .9 2 2z"
                    />
                  </svg>
                  <span
                    class="MuiTouchRipple-root css-8je8zh-MuiTouchRipple-root"
                  />
                </button>
              </div>
            </td>
            <td
              class="MuiTableCell-root MuiTableCell-body MuiTableCell-sizeMedium cell-button download css-15mfgc5-MuiTableCell-root"
            >
              <div
                class="download-button-container"
              >
                <button
                  aria-label="download"
                  class="MuiButtonBase-root MuiIconButton-root MuiIconButton-sizeSmall css-181l1t7-MuiButtonBase-root-MuiIconButton-root"
                  tabindex="0"
                  type="button"
                >
                  <svg
                    aria-hidden="true"
                    class="MuiSvgIcon-root MuiSvgIcon-fontSizeMedium css-fuz6rv-MuiSvgIcon-root"
                    data-testid="FileDownloadOutlinedIcon"
                    focusable="false"
                    viewBox="0 0 24 24"
                  >
                    <path
                      d="M18 15v3H6v-3H4v3c0 1.1.9 2 2 2h12c1.1 0 2-.9 2-2v-3h-2zm-1-4-1.41-1.41L13 12.17V4h-2v8.17L8.41 9.59 7 11l5 5 5-5z"
                    />
                  </svg>
                  <span
                    class="MuiTouchRipple-root css-8je8zh-MuiTouchRipple-root"
                  />
                </button>
              </div>
            </td>
            <td
              class="MuiTableCell-root MuiTableCell-body MuiTableCell-sizeMedium cell-button retrigger-button css-15mfgc5-MuiTableCell-root"
            >
              <div
                class="runs-button-container"
              >
                <button
                  aria-label="retrigger button"
                  class="MuiButtonBase-root MuiIconButton-root MuiIconButton-sizeSmall css-181l1t7-MuiButtonBase-root-MuiIconButton-root"
                  tabindex="0"
                  type="button"
                >
                  <svg
                    aria-hidden="true"
                    class="MuiSvgIcon-root MuiSvgIcon-fontSizeMedium css-fuz6rv-MuiSvgIcon-root"
                    data-testid="RefreshOutlinedIcon"
                    focusable="false"
                    viewBox="0 0 24 24"
                  >
                    <path
                      d="M17.65 6.35C16.2 4.9 14.21 4 12 4c-4.42 0-7.99 3.58-7.99 8s3.57 8 7.99 8c3.73 0 6.84-2.55 7.73-6h-2.08c-.82 2.33-3.04 4-5.65 4-3.31 0-6-2.69-6-6s2.69-6 6-6c1.66 0 3.14.69 4.22 1.78L13 11h7V4l-2.35 2.35z"
                    />
                  </svg>
                  <span
                    class="MuiTouchRipple-root css-8je8zh-MuiTouchRipple-root"
                  />
                </button>
              </div>
            </td>
            <td
              class="MuiTableCell-root MuiTableCell-body MuiTableCell-sizeMedium cell-button expand-button css-15mfgc5-MuiTableCell-root"
            >
              <div
                class="expand-button-container"
                data-testid="expand-revision-button"
              >
                <button
                  aria-label="expand row"
                  class="MuiButtonBase-root MuiIconButton-root MuiIconButton-sizeSmall css-181l1t7-MuiButtonBase-root-MuiIconButton-root"
                  tabindex="0"
                  type="button"
                >
                  <svg
                    aria-hidden="true"
                    class="MuiSvgIcon-root MuiSvgIcon-fontSizeMedium css-fuz6rv-MuiSvgIcon-root"
                    data-testid="ExpandMoreIcon"
                    focusable="false"
                    viewBox="0 0 24 24"
                  >
                    <path
                      d="M16.59 8.59 12 13.17 7.41 8.59 6 10l6 6 6-6z"
                    />
                  </svg>
                  <span
                    class="MuiTouchRipple-root css-8je8zh-MuiTouchRipple-root"
                  />
                </button>
              </div>
            </td>
          </tr>
          <tr
            class="MuiTableRow-root revisionRow f131cxob css-1yt2i5z-MuiTableRow-root"
          >
            <td
              class="MuiTableCell-root MuiTableCell-body MuiTableCell-sizeMedium css-15mfgc5-MuiTableCell-root"
              colspan="11"
            >
              <div
                class="content-row content-row--default container_f1nmcl0i "
                data-testid="expanded-row-content"
              >
                <div
                  class="f120wds7"
                >
                  <div
                    class="f19s1n7z"
                  >
                    <div
                      class="fc8wfj0"
                    >
                      macosx1015-64-shippable-qr 
                      <br />
                    </div>
                    <div
                      class="fc8wfj0"
                    >
                      <hr
                        class="MuiDivider-root MuiDivider-fullWidth css-9mgopn-MuiDivider-root"
                      />
                       
                    </div>
                    <div
                      class="fc8wfj0"
                    >
                      Only one run (consider more runs for greater confidence).
                    </div>
                    <div
                      class="fc8wfj0"
                    >
                      <b>
                        Mean Difference
                      </b>
                      : 2.5% worse (1,394,293,93)
                    </div>
                    <div>
                      <b>
                        Confidence
                      </b>
                      : High
                    </div>
                    <div
                      class="fl597bh"
                    >
                      <b>
                        **NOTE
                      </b>
                      : 
                      THOUGH THIS IS A SIGNIFICANT CHANGE,       PLEASE CHECK THE HISTORICAL GRAPH ABOVE TO VALIDATE THIS RESULT        ("NOISY" TESTS MAY RETURN INCONSISTENT RESULTS).
                    </div>
                  </div>
                </div>
              </div>
            </td>
          </tr>
          <tr
            class="MuiTableRow-root revisionRow f131cxob css-1yt2i5z-MuiTableRow-root"
          >
            <td
              class="MuiTableCell-root MuiTableCell-body MuiTableCell-sizeMedium platform css-15mfgc5-MuiTableCell-root"
            >
              <div
                class="platform-container"
              >
                <svg
                  aria-hidden="true"
                  class="MuiSvgIcon-root MuiSvgIcon-fontSizeMedium css-fuz6rv-MuiSvgIcon-root"
                  data-testid="AppleIcon"
                  focusable="false"
                  viewBox="0 0 24 24"
                >
                  <path
                    d="M18.71 19.5c-.83 1.24-1.71 2.45-3.05 2.47-1.34.03-1.77-.79-3.29-.79-1.53 0-2 .77-3.27.82-1.31.05-2.3-1.32-3.14-2.53C4.25 17 2.94 12.45 4.7 9.39c.87-1.52 2.43-2.48 4.12-2.51 1.28-.02 2.5.87 3.29.87.78 0 2.26-1.07 3.81-.91.65.03 2.47.26 3.64 1.98-.09.06-2.17 1.28-2.15 3.81.03 3.02 2.65 4.03 2.68 4.04-.03.07-.42 1.44-1.38 2.83M13 3.5c.73-.83 1.94-1.46 2.94-1.5.13 1.17-.34 2.35-1.04 3.19-.69.85-1.83 1.51-2.95 1.42-.15-1.15.41-2.35 1.05-3.11z"
                  />
                </svg>
                <span>
                  Apple
                </span>
              </div>
            </td>
            <td
              class="MuiTableCell-root MuiTableCell-body MuiTableCell-sizeMedium base-value css-15mfgc5-MuiTableCell-root"
            >
              <div
                class="base-container"
              >
                771.39ms
              </div>
            </td>
            <td
              class="MuiTableCell-root MuiTableCell-body MuiTableCell-sizeMedium comparison-sign css-15mfgc5-MuiTableCell-root"
            >
              &gt;
            </td>
            <td
              class="MuiTableCell-root MuiTableCell-body MuiTableCell-sizeMedium new-value css-15mfgc5-MuiTableCell-root"
            >
              771.39ms
            </td>
            <td
              class="MuiTableCell-root MuiTableCell-body MuiTableCell-sizeMedium status css-15mfgc5-MuiTableCell-root"
            >
              Improvement
            </td>
            <td
              class="MuiTableCell-root MuiTableCell-body MuiTableCell-sizeMedium delta css-15mfgc5-MuiTableCell-root"
            >
              2.5%
            </td>
            <td
              class="MuiTableCell-root MuiTableCell-body MuiTableCell-sizeMedium confidence css-15mfgc5-MuiTableCell-root"
            >
              High
            </td>
            <td
              class="MuiTableCell-root MuiTableCell-body MuiTableCell-sizeMedium total-runs css-15mfgc5-MuiTableCell-root"
            >
              <span>
                B:
              </span>
              <strong>
                23
              </strong>
               
              <span>
                N:
              </span>
              <strong>
                27
              </strong>
            </td>
            <td
              class="MuiTableCell-root MuiTableCell-body MuiTableCell-sizeMedium cell-button graph css-15mfgc5-MuiTableCell-root"
            >
              <div
                class="graph-link-button-container"
              >
                <button
                  aria-label="graph link"
                  class="MuiButtonBase-root MuiIconButton-root MuiIconButton-sizeSmall css-181l1t7-MuiButtonBase-root-MuiIconButton-root"
                  tabindex="0"
                  type="button"
                >
                  <svg
                    aria-hidden="true"
                    class="MuiSvgIcon-root MuiSvgIcon-fontSizeMedium css-fuz6rv-MuiSvgIcon-root"
                    data-testid="TimelineIcon"
                    focusable="false"
                    viewBox="0 0 24 24"
                  >
                    <path
                      d="M23 8c0 1.1-.9 2-2 2-.18 0-.35-.02-.51-.07l-3.56 3.55c.05.16.07.34.07.52 0 1.1-.9 2-2 2s-2-.9-2-2c0-.18.02-.36.07-.52l-2.55-2.55c-.16.05-.34.07-.52.07s-.36-.02-.52-.07l-4.55 4.56c.05.16.07.33.07.51 0 1.1-.9 2-2 2s-2-.9-2-2 .9-2 2-2c.18 0 .35.02.51.07l4.56-4.55C8.02 9.36 8 9.18 8 9c0-1.1.9-2 2-2s2 .9 2 2c0 .18-.02.36-.07.52l2.55 2.55c.16-.05.34-.07.52-.07s.36.02.52.07l3.55-3.56C19.02 8.35 19 8.18 19 8c0-1.1.9-2 2-2s2 .9 2 2z"
                    />
                  </svg>
                  <span
                    class="MuiTouchRipple-root css-8je8zh-MuiTouchRipple-root"
                  />
                </button>
              </div>
            </td>
            <td
              class="MuiTableCell-root MuiTableCell-body MuiTableCell-sizeMedium cell-button download css-15mfgc5-MuiTableCell-root"
            >
              <div
                class="download-button-container"
              >
                <button
                  aria-label="download"
                  class="MuiButtonBase-root MuiIconButton-root MuiIconButton-sizeSmall css-181l1t7-MuiButtonBase-root-MuiIconButton-root"
                  tabindex="0"
                  type="button"
                >
                  <svg
                    aria-hidden="true"
                    class="MuiSvgIcon-root MuiSvgIcon-fontSizeMedium css-fuz6rv-MuiSvgIcon-root"
                    data-testid="FileDownloadOutlinedIcon"
                    focusable="false"
                    viewBox="0 0 24 24"
                  >
                    <path
                      d="M18 15v3H6v-3H4v3c0 1.1.9 2 2 2h12c1.1 0 2-.9 2-2v-3h-2zm-1-4-1.41-1.41L13 12.17V4h-2v8.17L8.41 9.59 7 11l5 5 5-5z"
                    />
                  </svg>
                  <span
                    class="MuiTouchRipple-root css-8je8zh-MuiTouchRipple-root"
                  />
                </button>
              </div>
            </td>
            <td
              class="MuiTableCell-root MuiTableCell-body MuiTableCell-sizeMedium cell-button retrigger-button css-15mfgc5-MuiTableCell-root"
            >
              <div
                class="runs-button-container"
              >
                <button
                  aria-label="retrigger button"
                  class="MuiButtonBase-root MuiIconButton-root MuiIconButton-sizeSmall css-181l1t7-MuiButtonBase-root-MuiIconButton-root"
                  tabindex="0"
                  type="button"
                >
                  <svg
                    aria-hidden="true"
                    class="MuiSvgIcon-root MuiSvgIcon-fontSizeMedium css-fuz6rv-MuiSvgIcon-root"
                    data-testid="RefreshOutlinedIcon"
                    focusable="false"
                    viewBox="0 0 24 24"
                  >
                    <path
                      d="M17.65 6.35C16.2 4.9 14.21 4 12 4c-4.42 0-7.99 3.58-7.99 8s3.57 8 7.99 8c3.73 0 6.84-2.55 7.73-6h-2.08c-.82 2.33-3.04 4-5.65 4-3.31 0-6-2.69-6-6s2.69-6 6-6c1.66 0 3.14.69 4.22 1.78L13 11h7V4l-2.35 2.35z"
                    />
                  </svg>
                  <span
                    class="MuiTouchRipple-root css-8je8zh-MuiTouchRipple-root"
                  />
                </button>
              </div>
            </td>
            <td
              class="MuiTableCell-root MuiTableCell-body MuiTableCell-sizeMedium cell-button expand-button css-15mfgc5-MuiTableCell-root"
            >
              <div
                class="expand-button-container"
                data-testid="expand-revision-button"
              >
                <button
                  aria-label="expand row"
                  class="MuiButtonBase-root MuiIconButton-root MuiIconButton-sizeSmall css-181l1t7-MuiButtonBase-root-MuiIconButton-root"
                  tabindex="0"
                  type="button"
                >
                  <svg
                    aria-hidden="true"
                    class="MuiSvgIcon-root MuiSvgIcon-fontSizeMedium css-fuz6rv-MuiSvgIcon-root"
                    data-testid="ExpandMoreIcon"
                    focusable="false"
                    viewBox="0 0 24 24"
                  >
                    <path
                      d="M16.59 8.59 12 13.17 7.41 8.59 6 10l6 6 6-6z"
                    />
                  </svg>
                  <span
                    class="MuiTouchRipple-root css-8je8zh-MuiTouchRipple-root"
                  />
                </button>
              </div>
            </td>
          </tr>
          <tr
            class="MuiTableRow-root revisionRow f131cxob css-1yt2i5z-MuiTableRow-root"
          >
            <td
              class="MuiTableCell-root MuiTableCell-body MuiTableCell-sizeMedium css-15mfgc5-MuiTableCell-root"
              colspan="11"
            >
              <div
                class="content-row content-row--default container_f1nmcl0i "
                data-testid="expanded-row-content"
              >
                <div
                  class="f120wds7"
                >
                  <div
                    class="f19s1n7z"
                  >
                    <div
                      class="fc8wfj0"
                    >
                      macosx1015-64-shippable-qr 
                      <br />
                    </div>
                    <div
                      class="fc8wfj0"
                    >
                      <hr
                        class="MuiDivider-root MuiDivider-fullWidth css-9mgopn-MuiDivider-root"
                      />
                       
                    </div>
                    <div
                      class="fc8wfj0"
                    >
                      Only one run (consider more runs for greater confidence).
                    </div>
                    <div
                      class="fc8wfj0"
                    >
                      <b>
                        Mean Difference
                      </b>
                      : 2.5% worse (1,394,293,93)
                    </div>
                    <div>
                      <b>
                        Confidence
                      </b>
                      : High
                    </div>
                    <div
                      class="fl597bh"
                    >
                      <b>
                        **NOTE
                      </b>
                      : 
                      THOUGH THIS IS A SIGNIFICANT CHANGE,       PLEASE CHECK THE HISTORICAL GRAPH ABOVE TO VALIDATE THIS RESULT        ("NOISY" TESTS MAY RETURN INCONSISTENT RESULTS).
                    </div>
                  </div>
                </div>
              </div>
            </td>
          </tr>
          <tr
            class="MuiTableRow-root revisionRow f131cxob css-1yt2i5z-MuiTableRow-root"
          >
            <td
              class="MuiTableCell-root MuiTableCell-body MuiTableCell-sizeMedium platform css-15mfgc5-MuiTableCell-root"
            >
              <div
                class="platform-container"
              >
                <svg
                  aria-hidden="true"
                  class="MuiSvgIcon-root MuiSvgIcon-fontSizeMedium css-fuz6rv-MuiSvgIcon-root"
                  data-testid="AppleIcon"
                  focusable="false"
                  viewBox="0 0 24 24"
                >
                  <path
                    d="M18.71 19.5c-.83 1.24-1.71 2.45-3.05 2.47-1.34.03-1.77-.79-3.29-.79-1.53 0-2 .77-3.27.82-1.31.05-2.3-1.32-3.14-2.53C4.25 17 2.94 12.45 4.7 9.39c.87-1.52 2.43-2.48 4.12-2.51 1.28-.02 2.5.87 3.29.87.78 0 2.26-1.07 3.81-.91.65.03 2.47.26 3.64 1.98-.09.06-2.17 1.28-2.15 3.81.03 3.02 2.65 4.03 2.68 4.04-.03.07-.42 1.44-1.38 2.83M13 3.5c.73-.83 1.94-1.46 2.94-1.5.13 1.17-.34 2.35-1.04 3.19-.69.85-1.83 1.51-2.95 1.42-.15-1.15.41-2.35 1.05-3.11z"
                  />
                </svg>
                <span>
                  Apple
                </span>
              </div>
            </td>
            <td
              class="MuiTableCell-root MuiTableCell-body MuiTableCell-sizeMedium base-value css-15mfgc5-MuiTableCell-root"
            >
              <div
                class="base-container"
              >
                771.39ms
              </div>
            </td>
            <td
              class="MuiTableCell-root MuiTableCell-body MuiTableCell-sizeMedium comparison-sign css-15mfgc5-MuiTableCell-root"
            >
              &gt;
            </td>
            <td
              class="MuiTableCell-root MuiTableCell-body MuiTableCell-sizeMedium new-value css-15mfgc5-MuiTableCell-root"
            >
              771.39ms
            </td>
            <td
              class="MuiTableCell-root MuiTableCell-body MuiTableCell-sizeMedium status css-15mfgc5-MuiTableCell-root"
            >
              Improvement
            </td>
            <td
              class="MuiTableCell-root MuiTableCell-body MuiTableCell-sizeMedium delta css-15mfgc5-MuiTableCell-root"
            >
              2.5%
            </td>
            <td
              class="MuiTableCell-root MuiTableCell-body MuiTableCell-sizeMedium confidence css-15mfgc5-MuiTableCell-root"
            >
              High
            </td>
            <td
              class="MuiTableCell-root MuiTableCell-body MuiTableCell-sizeMedium total-runs css-15mfgc5-MuiTableCell-root"
            >
              <span>
                B:
              </span>
              <strong>
                23
              </strong>
               
              <span>
                N:
              </span>
              <strong>
                27
              </strong>
            </td>
            <td
              class="MuiTableCell-root MuiTableCell-body MuiTableCell-sizeMedium cell-button graph css-15mfgc5-MuiTableCell-root"
            >
              <div
                class="graph-link-button-container"
              >
                <button
                  aria-label="graph link"
                  class="MuiButtonBase-root MuiIconButton-root MuiIconButton-sizeSmall css-181l1t7-MuiButtonBase-root-MuiIconButton-root"
                  tabindex="0"
                  type="button"
                >
                  <svg
                    aria-hidden="true"
                    class="MuiSvgIcon-root MuiSvgIcon-fontSizeMedium css-fuz6rv-MuiSvgIcon-root"
                    data-testid="TimelineIcon"
                    focusable="false"
                    viewBox="0 0 24 24"
                  >
                    <path
                      d="M23 8c0 1.1-.9 2-2 2-.18 0-.35-.02-.51-.07l-3.56 3.55c.05.16.07.34.07.52 0 1.1-.9 2-2 2s-2-.9-2-2c0-.18.02-.36.07-.52l-2.55-2.55c-.16.05-.34.07-.52.07s-.36-.02-.52-.07l-4.55 4.56c.05.16.07.33.07.51 0 1.1-.9 2-2 2s-2-.9-2-2 .9-2 2-2c.18 0 .35.02.51.07l4.56-4.55C8.02 9.36 8 9.18 8 9c0-1.1.9-2 2-2s2 .9 2 2c0 .18-.02.36-.07.52l2.55 2.55c.16-.05.34-.07.52-.07s.36.02.52.07l3.55-3.56C19.02 8.35 19 8.18 19 8c0-1.1.9-2 2-2s2 .9 2 2z"
                    />
                  </svg>
                  <span
                    class="MuiTouchRipple-root css-8je8zh-MuiTouchRipple-root"
                  />
                </button>
              </div>
            </td>
            <td
              class="MuiTableCell-root MuiTableCell-body MuiTableCell-sizeMedium cell-button download css-15mfgc5-MuiTableCell-root"
            >
              <div
                class="download-button-container"
              >
                <button
                  aria-label="download"
                  class="MuiButtonBase-root MuiIconButton-root MuiIconButton-sizeSmall css-181l1t7-MuiButtonBase-root-MuiIconButton-root"
                  tabindex="0"
                  type="button"
                >
                  <svg
                    aria-hidden="true"
                    class="MuiSvgIcon-root MuiSvgIcon-fontSizeMedium css-fuz6rv-MuiSvgIcon-root"
                    data-testid="FileDownloadOutlinedIcon"
                    focusable="false"
                    viewBox="0 0 24 24"
                  >
                    <path
                      d="M18 15v3H6v-3H4v3c0 1.1.9 2 2 2h12c1.1 0 2-.9 2-2v-3h-2zm-1-4-1.41-1.41L13 12.17V4h-2v8.17L8.41 9.59 7 11l5 5 5-5z"
                    />
                  </svg>
                  <span
                    class="MuiTouchRipple-root css-8je8zh-MuiTouchRipple-root"
                  />
                </button>
              </div>
            </td>
            <td
              class="MuiTableCell-root MuiTableCell-body MuiTableCell-sizeMedium cell-button retrigger-button css-15mfgc5-MuiTableCell-root"
            >
              <div
                class="runs-button-container"
              >
                <button
                  aria-label="retrigger button"
                  class="MuiButtonBase-root MuiIconButton-root MuiIconButton-sizeSmall css-181l1t7-MuiButtonBase-root-MuiIconButton-root"
                  tabindex="0"
                  type="button"
                >
                  <svg
                    aria-hidden="true"
                    class="MuiSvgIcon-root MuiSvgIcon-fontSizeMedium css-fuz6rv-MuiSvgIcon-root"
                    data-testid="RefreshOutlinedIcon"
                    focusable="false"
                    viewBox="0 0 24 24"
                  >
                    <path
                      d="M17.65 6.35C16.2 4.9 14.21 4 12 4c-4.42 0-7.99 3.58-7.99 8s3.57 8 7.99 8c3.73 0 6.84-2.55 7.73-6h-2.08c-.82 2.33-3.04 4-5.65 4-3.31 0-6-2.69-6-6s2.69-6 6-6c1.66 0 3.14.69 4.22 1.78L13 11h7V4l-2.35 2.35z"
                    />
                  </svg>
                  <span
                    class="MuiTouchRipple-root css-8je8zh-MuiTouchRipple-root"
                  />
                </button>
              </div>
            </td>
            <td
              class="MuiTableCell-root MuiTableCell-body MuiTableCell-sizeMedium cell-button expand-button css-15mfgc5-MuiTableCell-root"
            >
              <div
                class="expand-button-container"
                data-testid="expand-revision-button"
              >
                <button
                  aria-label="expand row"
                  class="MuiButtonBase-root MuiIconButton-root MuiIconButton-sizeSmall css-181l1t7-MuiButtonBase-root-MuiIconButton-root"
                  tabindex="0"
                  type="button"
                >
                  <svg
                    aria-hidden="true"
                    class="MuiSvgIcon-root MuiSvgIcon-fontSizeMedium css-fuz6rv-MuiSvgIcon-root"
                    data-testid="ExpandMoreIcon"
                    focusable="false"
                    viewBox="0 0 24 24"
                  >
                    <path
                      d="M16.59 8.59 12 13.17 7.41 8.59 6 10l6 6 6-6z"
                    />
                  </svg>
                  <span
                    class="MuiTouchRipple-root css-8je8zh-MuiTouchRipple-root"
                  />
                </button>
              </div>
            </td>
          </tr>
          <tr
            class="MuiTableRow-root revisionRow f131cxob css-1yt2i5z-MuiTableRow-root"
          >
            <td
              class="MuiTableCell-root MuiTableCell-body MuiTableCell-sizeMedium css-15mfgc5-MuiTableCell-root"
              colspan="11"
            >
              <div
                class="content-row content-row--default container_f1nmcl0i "
                data-testid="expanded-row-content"
              >
                <div
                  class="f120wds7"
                >
                  <div
                    class="f19s1n7z"
                  >
                    <div
                      class="fc8wfj0"
                    >
                      macosx1015-64-shippable-qr 
                      <br />
                    </div>
                    <div
                      class="fc8wfj0"
                    >
                      <hr
                        class="MuiDivider-root MuiDivider-fullWidth css-9mgopn-MuiDivider-root"
                      />
                       
                    </div>
                    <div
                      class="fc8wfj0"
                    >
                      Only one run (consider more runs for greater confidence).
                    </div>
                    <div
                      class="fc8wfj0"
                    >
                      <b>
                        Mean Difference
                      </b>
                      : 2.5% worse (1,394,293,93)
                    </div>
                    <div>
                      <b>
                        Confidence
                      </b>
                      : High
                    </div>
                    <div
                      class="fl597bh"
                    >
                      <b>
                        **NOTE
                      </b>
                      : 
                      THOUGH THIS IS A SIGNIFICANT CHANGE,       PLEASE CHECK THE HISTORICAL GRAPH ABOVE TO VALIDATE THIS RESULT        ("NOISY" TESTS MAY RETURN INCONSISTENT RESULTS).
                    </div>
                  </div>
                </div>
              </div>
            </td>
          </tr>
        </tbody>
      </table>
    </div>
  </div>
</body>
`;
